
running 33 tests
test judge::tests::all_primitives_cache_and_question_mutation ... ok
test judge::tests::budgets_are_debited_and_crossing_retains_usage_without_answers ... ok
test judge::tests::deadline_preflight_and_transport_timeout ... ok
test judge::tests::elapsed_transport_deadline_poisoned_but_usage_retained ... ok
test judge::tests::integer_token_budget_crossing_and_overflow_stay_terminal ... ok
test judge::tests::invalid_probabilities_argmax_score_and_legend ... ok
test judge::tests::malformed_duplicate_extra_missing_ids_and_types ... ok
test judge::tests::model_alias_concrete_and_explicit_expectation ... ok
test judge::tests::preflight_limits_and_invalid_arguments_do_not_read_credentials ... ok
test judge::tests::request_cap_allows_cache_without_new_credential_or_observation ... ok
test judge::tests::response_size_http_status_and_config_validation ... ok
test judge::tests::secret_safe_errors_and_poisoned_transport_failure ... ok
test judge::tests::solo_accounting_missing_and_malformed_usage_remains_unknown ... ok
test judge::tests::solo_accounting_preflight_and_stats_do_not_create_semantic_evidence ... ok
test judge::tests::solo_accounting_preserves_physical_usage_across_cache_and_failure ... ok
test judge::tests::token_counts_are_integers_and_null_is_unknown_not_zero ... ok
test judge::tests::unknown_usage_is_not_zero_billing_and_bad_usage_poisoned ... ok
test judge_batch::tests::changed_source_configuration_and_limits_are_refused ... ok
test judge_batch::tests::completed_records_remain_compatible_and_cannot_claim_a_failure ... ok
test judge_batch::tests::crossing_token_budget_preserves_paid_failure_and_usage ... ok
test judge_batch::tests::diagnostic_vocabulary_is_bounded_and_never_copies_error_suffixes ... ok
test judge_batch::tests::expired_deadline_can_only_replay_already_completed_work ... ok
test judge_batch::tests::failed_job_keeps_safe_diagnostic_across_no_key_resume ... ok
test judge_batch::tests::failed_job_never_persists_arbitrary_error_text ... ok
test judge_batch::tests::failed_request_retains_usage_and_is_never_counted_completed_on_resume ... ok
test judge_batch::tests::interrupted_intent_prevents_automatic_paid_reentry ... ok
test judge_batch::tests::journal_lock_and_corrupt_result_refuse_before_transport ... ok
test judge_batch::tests::legacy_failed_record_and_invalid_diagnostics_never_retry ... ok
test judge_batch::tests::native_success_resume_does_not_resolve_credentials_or_call_again ... ok
test judge_batch::tests::private_paths_reject_symlinks_hardlinks_and_unsafe_modes ... ok
test judge_batch::tests::unknown_usage_stops_before_next_request ... ok
test unit_tests::optional_judge_root_idle_deadline_allows_silence_only_within_hard_cap ... ok
test unit_tests::optional_judge_root_idle_uses_configured_hard_ceiling ... ok

test result: ok. 33 passed; 0 failed; 0 ignored; 0 measured; 194 filtered out; finished in 0.64s

