   Compiling unicode-ident v1.0.24
    Checking cfg-if v1.0.4
    Checking itoa v1.0.18
    Checking memchr v2.8.3
    Checking serde_core v1.0.229
    Checking libc v0.2.189
    Checking foldhash v0.2.0
    Checking equivalent v1.0.2
    Checking stable_deref_trait v1.2.1
    Checking allocator-api2 v0.2.21
    Checking ryu v1.0.23
   Compiling proc-macro2 v1.0.107
    Checking bitflags v2.13.1
    Checking castaway v0.2.4
    Checking static_assertions v1.1.0
    Checking compact_str v0.9.0
    Checking log v0.4.33
    Checking either v1.17.0
   Compiling getrandom v0.2.17
    Checking hashbrown v0.17.1
   Compiling zerocopy v0.8.56
    Checking mio v1.2.2
    Checking writeable v0.6.3
    Checking litemap v0.8.2
   Compiling quote v1.0.47
   Compiling rand_core v0.6.4
    Checking utf8_iter v1.0.4
    Checking pin-project-lite v0.2.17
    Checking bytes v1.12.1
    Checking once_cell v1.21.4
   Compiling syn v3.0.3
   Compiling syn v2.0.119
   Compiling proc-macro-utils v0.10.0
    Checking indexmap v2.14.0
   Compiling siphasher v1.0.3
    Checking futures-core v0.3.34
   Compiling phf_shared v0.11.3
    Checking icu_properties_data v2.2.0
    Checking aho-corasick v1.1.5
    Checking thin-vec v0.2.19
   Compiling manyhow-macros v0.11.4
    Checking ordermap v1.2.0
    Checking socket2 v0.6.5
    Checking futures-sink v0.3.34
   Compiling unicode-width v0.2.2
    Checking tokio v1.53.1
    Checking http v1.5.0
   Compiling getopts v0.2.24
    Checking errno v0.3.14
    Checking regex-syntax v0.8.11
    Checking percent-encoding v2.3.2
    Checking zeroize v1.9.0
    Checking rustls-pki-types v1.15.1
    Checking http-body v1.1.0
    Checking num-traits v0.2.19
    Checking icu_normalizer_data v2.2.0
    Checking itertools v0.14.0
    Checking itertools v0.15.0
    Checking hashbrown v0.16.1
    Checking futures-io v0.3.34
    Checking slab v0.4.12
    Checking untrusted v0.9.0
    Checking futures-task v0.3.34
    Checking regex-automata v0.4.18
   Compiling unicode-segmentation v1.13.3
    Checking futures-util v0.3.34
    Checking ring v0.17.14
   Compiling convert_case v0.10.0
   Compiling synstructure v0.13.2
   Compiling manyhow v0.11.4
   Compiling ppv-lite86 v0.2.21
   Compiling darling_core v0.24.1
    Checking signal-hook-registry v1.4.8
   Compiling rand_chacha v0.3.1
    Checking lexical-util v1.0.7
    Checking rustc-hash v2.1.3
   Compiling rand v0.8.7
    Checking arrayvec v0.7.8
    Checking tower-service v0.3.3
    Checking try-lock v0.2.5
   Compiling phf_generator v0.11.3
    Checking scopeguard v1.2.0
   Compiling phf_codegen v0.11.3
    Checking tinyvec_macros v0.1.1
    Checking lock_api v0.4.14
   Compiling zerofrom-derive v0.1.7
   Compiling yoke-derive v0.8.2
   Compiling zerovec-derive v0.11.3
   Compiling quote-use-macros v0.8.4
   Compiling derive-where v1.6.1
   Compiling unicode_names2_generator v1.3.0
   Compiling serde_derive v1.0.229
   Compiling displaydoc v0.2.7
   Compiling thiserror-impl v2.0.20
   Compiling quote-use v0.8.4
   Compiling unicode_names2 v1.3.0
   Compiling attribute-derive-macro v0.10.5
   Compiling is-macro v0.3.7
    Checking zerofrom v0.1.8
    Checking yoke v0.8.3
   Compiling strum_macros v0.28.0
    Checking zerovec v0.11.6
    Checking zerotrie v0.2.4
    Checking tinyvec v1.12.0
    Checking tinystr v0.8.3
    Checking icu_locale_core v2.2.0
    Checking potential_utf v0.1.5
   Compiling darling_macro v0.24.1
    Checking icu_collections v2.2.0
    Checking thiserror v2.0.20
    Checking kasuari v0.4.12
   Compiling attribute-derive v0.10.5
   Compiling darling v0.24.1
   Compiling derive_more-impl v2.1.1
   Compiling strum_macros v0.27.2
    Checking unicode-truncate v2.0.1
    Checking want v0.3.1
    Checking icu_provider v2.2.0
    Checking lexical-parse-integer v1.0.6
    Checking icu_properties v2.2.0
    Checking signal-hook v0.3.18
   Compiling get-size-derive2 v0.10.3
    Checking httparse v1.10.1
    Checking rustls-webpki v0.103.15
    Checking phf v0.11.3
    Checking num-integer v0.1.46
    Checking serde v1.0.229
    Checking strum v0.28.0
    Checking form_urlencoded v1.2.2
    Checking futures-channel v0.3.34
    Checking tracing-core v0.1.36
    Checking lru v0.18.2
    Checking core-foundation-sys v0.8.7
    Checking tap v1.0.1
    Checking subtle v2.6.1
    Checking atomic-waker v1.1.2
    Checking byteorder v1.5.0
    Checking rustls v0.23.45
    Checking iana-time-zone v0.1.65
    Checking smallvec v1.15.2
    Checking num-bigint v0.4.8
    Checking tracing v0.1.44
    Checking wyz v0.5.1
    Checking hash32 v0.2.1
   Compiling instability v0.3.13
    Checking ratatui-core v0.1.2
    Checking derive_more v2.1.1
    Checking get-size2 v0.10.1
    Checking icu_normalizer v2.2.0
    Checking ruff_text_size v0.0.3
    Checking ruff_source_file v0.0.3
    Checking idna_adapter v1.2.2
    Checking parking_lot_core v0.9.12
    Checking idna v1.1.0
    Checking strum v0.27.2
    Checking ruff_python_trivia v0.0.3
    Checking parking_lot v0.12.5
    Checking hyper v1.11.1
    Checking signal-hook-mio v0.2.5
    Checking ruff_python_ast v0.0.3
    Checking lexical-parse-float v1.0.6
    Checking getrandom v0.3.4
    Checking rustix v1.1.4
    Checking radium v0.7.0
    Checking unicode-normalization v0.1.25
    Checking bstr v1.13.1
    Checking sync_wrapper v1.0.2
    Checking tower-layer v0.3.3
    Checking funty v2.0.0
    Checking bit-vec v0.8.0
    Checking ipnet v2.12.2
    Checking base64 v0.22.1
    Checking bit-set v0.8.0
    Checking crossterm v0.29.0
    Checking tower v0.5.3
    Checking hyper-util v0.1.20
    Checking bitvec v1.1.1
    Checking heapless v0.7.17
    Checking url v2.5.8
    Checking unicode-general-category v1.1.0
    Checking chrono v0.4.45
    Checking cobs v0.3.0
   Compiling monty-macros v0.0.21
    Checking webpki-roots v1.0.9
    Checking line-clipping v0.3.8
    Checking winnow v1.0.4
    Checking ratatui-widgets v0.3.2
    Checking tokio-rustls v0.26.5
    Checking toml_parser v1.1.3+spec-1.1.0
    Checking postcard v1.1.3
    Checking monty-types v0.0.21
    Checking hyper-rustls v0.27.9
    Checking tower-http v0.6.11
    Checking ratatui-crossterm v0.1.2
    Checking libm v0.2.16
    Checking zmij v1.0.23
    Checking fancy-regex v0.17.0
    Checking speedate v0.17.0
    Checking serde_urlencoded v0.7.1
    Checking http-body-util v0.1.5
    Checking ruff_python_stdlib v0.0.3
    Checking toml_datetime v0.7.5+spec-1.1.0
    Checking serde_spanned v1.1.1
    Checking vte v0.14.1
    Checking toml_writer v1.1.2+spec-1.1.0
    Checking unsafe-libyaml v0.2.11
    Checking winnow v0.7.15
    Checking reqwest v0.12.28
    Checking strip-ansi-escapes v0.2.1
    Checking ratatui v0.30.2
    Checking serde_json v1.0.151
    Checking anyhow v1.0.104
    Checking regex v1.13.1
    Checking fs2 v0.4.3
    Checking memmap2 v0.9.11
    Checking serde_yaml v0.9.34+deprecated
    Checking ruff_python_literal v0.0.3
    Checking ruff_python_parser v0.0.3
    Checking shlex v1.3.0
    Checking ahash v0.8.12
    Checking jiter v0.16.0
    Checking toml v0.9.12+spec-1.1.0
    Checking ruff_python_codegen v0.0.3
    Checking monty v0.0.21
    Checking azdaja v0.1.17 ($JCODE_SCRATCH_DIR/jev-clean-final-acceptance-20260917-0216/source)
    Finished `dev` profile [unoptimized + debuginfo] target(s) in 19.18s
