{
  "schema": "azdaja.second_reader.row651_replay.v1",
  "consistent": true,
  "status": "completed",
  "complete_panel": true,
  "observed_occurrences": 17469,
  "expected_occurrences": 17469,
  "eligible_packs": 112,
  "attempted_packs": 112,
  "confirmed_typed_requests": 112,
  "threshold": 0.5,
  "ham_count": 9245,
  "sum_noul": 9287.38,
  "official_count": 8638,
  "exact_task_pass": false,
  "signed_count_error": 607,
  "sum_noul_minus_gold": 649.3799999999992,
  "per_item_accuracy_measured": false,
  "known_input_tokens": 2749030,
  "known_output_tokens": 357302,
  "unknown_input_attempts": 0,
  "unknown_output_attempts": 0,
  "request_bytes": 9989933,
  "elapsed_seconds": 210.0126917079906,
  "median_native_ms": 1247.0,
  "median_call_seconds": 1.4780171464954037,
  "known_input_estimate_usd": 0.11545926000000001,
  "billing_known": false,
  "matched_generative_baseline": false,
  "provider_authenticity_proven": false,
  "agreement_authorizes_approval": false
}
