   Compiling azdaja v0.1.17 (/Users/vukasinkubet/dev/azdaja)
    Finished `test` profile [unoptimized + debuginfo] target(s) in 4.21s
     Running unittests src/lib.rs (/Users/vukasinkubet/.jcode/scratch/jev-batch-target/debug/deps/azdaja-adb89ad9dd63a4c0)

running 2 tests
{"attempts":1,"completed":0,"event":"batch_progress","total":3}

thread 'judge_batch::tests::failed_job_keeps_safe_diagnostic_across_no_key_resume' (12666587) panicked at src/judge_batch.rs:759:9:
assertion `left == right` failed
  left: Null
 right: "transport"
note: run with `RUST_BACKTRACE=1` environment variable to display a backtrace
{"attempts":1,"completed":0,"event":"batch_progress","total":3}

thread 'judge_batch::tests::failed_job_never_persists_arbitrary_error_text' (12666588) panicked at src/judge_batch.rs:784:9:
assertion `left == right` failed
  left: Null
 right: "other"
test judge_batch::tests::failed_job_keeps_safe_diagnostic_across_no_key_resume ... FAILED
test judge_batch::tests::failed_job_never_persists_arbitrary_error_text ... FAILED

failures:

failures:
    judge_batch::tests::failed_job_keeps_safe_diagnostic_across_no_key_resume
    judge_batch::tests::failed_job_never_persists_arbitrary_error_text

test result: FAILED. 0 passed; 2 failed; 0 ignored; 0 measured; 222 filtered out; finished in 0.07s

error: test failed, to rerun pass `--lib`
